[replay] copied 12 research artifacts: intent_obligation_graph_v2, research_agenda_v1, method_evidence, claim_evidence_map, obligation_coverage_v2, reference_method_agenda_v1, method_completeness_matrix_v1, equation_claims_v1, configuration_claims_v1, evidence_packets_v3, code_facts_v1, atomic_claims_v3
[replay] copied optional research artifact: behavior_graph_v1
[replay] writer status: incomplete blocked=
[replay] paths: {
 "author_review_candidates": "/tmp/c2p-nextrepair-8006-ebcar-20260905-012937/artifacts/06_authoring/author_review_candidates.json",
 "authoring_projection_v1": "/tmp/c2p-nextrepair-8006-ebcar-20260905-012937/artifacts/06_authoring/authoring_projection_v1.json",
 "candidate_authority_validation_v1": "/tmp/c2p-nextrepair-8006-ebcar-20260905-012937/artifacts/07_validation/candidate_authority_validation_v1.json",
 "derivation_records_v1": "/tmp/c2p-nextrepair-8006-ebcar-20260905-012937/artifacts/06_authoring/derivation_records_v1.json",
 "external_research_queue_v1": "/tmp/c2p-nextrepair-8006-ebcar-20260905-012937/artifacts/06_authoring/external_research_queue_v1.json",
 "final_text_authorship_ledger_v1": "/tmp/c2p-nextrepair-8006-ebcar-20260905-012937/artifacts/07_validation/final_text_authorship_ledger_v1.json",
 "final_text_claims": "/tmp/c2p-nextrepair-8006-ebcar-20260905-012937/artifacts/07_validation/agentic_final_text_claims.json",
 "formalization_result_v1": "/tmp/c2p-nextrepair-8006-ebcar-20260905-012937/artifacts/06_authoring/formalization_result_v1.json",
 "formalization_section_results_v1": "/tmp/c2p-nextrepair-8006-ebcar-20260905-012937/artifacts/06_authoring/formalizati
[replay] reused_fulfilled_callback_ids: []
[replay] writer_resumed_section_ids: []
[replay] structural exit: eligible=False reasons=['required_paragraph_invalid:MA-S3:paragraph:MA-S3:method-unit-1', 'required_target_uncovered:MA-S3:paragraph:MA-S3:method-unit-1:slot', 'required_paragraph_invalid:MA-S3:paragraph:MA-S3:method-unit-2', 'required_target_uncovered:MA-S3:paragraph:MA-S3:method-unit-2:facet', 'required_paragraph_invalid:MA-S3:paragraph:MA-S3:method-unit-3', 'required_target_uncovered:MA-S3:paragraph:MA-S3:method-unit-3:formula', 'required_paragraph_invalid:MA-S4:paragraph:MA-S4:method-unit-1', 'required_target_uncovered:MA-S4:paragraph:MA-S4:method-unit-1:facet', 'required_target_uncovered:MA-S4:paragraph:MA-S4:method-unit-1:slot', 'rendered_invalid:4', 'required_target_coverage_incomplete', 'required_slot_coverage_incomplete'] targets=19/26 formula=0/0
gemma_supervisor_parse_error: schema_validation_failed:ValueError:no valid JSON object or array found after repair attempts | response_mode=native_json_schema | finish_reason=structured_complete | raw_preview='{"goal":"Find where top-k selection (SELECT/TOPK) happens in the retrieval pipeline to satisfy the missing SELECT predicate","rationale":"The missing predicate is SELECT (top-k selection). The previous read of build_vector_database_from_corpus was rejected as duplicate. I need to find where the actual top-k selection occurs in the retrieval/evaluation pipeline. Searching for "\\n\\n\\n  \\n\\n\\n\\n\\n\\n\\n\\n\\n  \\n\\n\\n\\n\\n\\n\\n\\n\\n  \\n\\n\\n\\n\\n\\n\\n\\n\\n  \\n\\n\\n\\n\\n\\n\\n\\n\\n  \\n\\n\\n\\n\\n\\n\\n\\n\\n  \\n\\n\\n\\n\\n\\n\\n\\n\\n  '
[replay] callback continuation: fulfilled=3 pending=2 resumed=['MA-S1', 'MA-S3', 'MA-S4'] stopped=budget_exhausted
[replay] structural exit: eligible=False reasons=['required_paragraph_invalid:MA-S3:paragraph:MA-S3:method-unit-1', 'required_target_uncovered:MA-S3:paragraph:MA-S3:method-unit-1:facet', 'required_target_uncovered:MA-S3:paragraph:MA-S3:method-unit-1:slot', 'required_paragraph_invalid:MA-S3:paragraph:MA-S3:method-unit-2', 'required_target_uncovered:MA-S3:paragraph:MA-S3:method-unit-2:facet', 'required_paragraph_invalid:MA-S3:paragraph:MA-S3:method-unit-3', 'required_target_uncovered:MA-S3:paragraph:MA-S3:method-unit-3:facet', 'required_target_uncovered:MA-S3:paragraph:MA-S3:method-unit-3:formula', 'required_paragraph_invalid:MA-S4:paragraph:MA-S4:method-unit-1', 'required_target_uncovered:MA-S4:paragraph:MA-S4:method-unit-1:facet', 'required_target_uncovered:MA-S4:paragraph:MA-S4:method-unit-1:slot', 'required_target_uncovered:MA-S4:paragraph:MA-S4:method-unit-1:formula', 'required_paragraph_not_rendered:MA-S5:paragraph:MA-S5:method-unit-1', 'rendered_invalid:5', 'required_target_coverage_incomplete', 'required_slot_coverage_incomplete'] targets=9/27 formula=0/0
[replay] structural exit: eligible=False reasons=['required_paragraph_invalid:MA-S3:paragraph:MA-S3:method-unit-1', 'required_target_uncovered:MA-S3:paragraph:MA-S3:method-unit-1:slot', 'required_paragraph_invalid:MA-S3:paragraph:MA-S3:method-unit-2', 'required_target_uncovered:MA-S3:paragraph:MA-S3:method-unit-2:facet', 'required_paragraph_invalid:MA-S3:paragraph:MA-S3:method-unit-3', 'required_target_uncovered:MA-S3:paragraph:MA-S3:method-unit-3:formula', 'required_paragraph_invalid:MA-S4:paragraph:MA-S4:method-unit-1', 'required_target_uncovered:MA-S4:paragraph:MA-S4:method-unit-1:facet', 'required_target_uncovered:MA-S4:paragraph:MA-S4:method-unit-1:slot', 'rendered_invalid:4', 'required_target_coverage_incomplete', 'required_slot_coverage_incomplete'] targets=19/26 formula=0/0
[replay] token usage: total=1164319 input=1060800 output=103519 calls=135 usage_calls=121 path=/tmp/c2p-nextrepair-8006-ebcar-20260905-012937/artifacts/06_authoring/token_usage_summary_v1.json
