[replay] copied 12 research artifacts: intent_obligation_graph_v2, research_agenda_v1, method_evidence, claim_evidence_map, obligation_coverage_v2, reference_method_agenda_v1, method_completeness_matrix_v1, equation_claims_v1, configuration_claims_v1, evidence_packets_v3, code_facts_v1, atomic_claims_v3
[replay] copied optional research artifact: behavior_graph_v1
[replay] writer status: incomplete blocked=
[replay] paths: {
 "author_review_candidates": "/tmp/c2p-nextrepair-8006-dyg-20260905-012937/artifacts/06_authoring/author_review_candidates.json",
 "authoring_projection_v1": "/tmp/c2p-nextrepair-8006-dyg-20260905-012937/artifacts/06_authoring/authoring_projection_v1.json",
 "candidate_authority_validation_v1": "/tmp/c2p-nextrepair-8006-dyg-20260905-012937/artifacts/07_validation/candidate_authority_validation_v1.json",
 "derivation_records_v1": "/tmp/c2p-nextrepair-8006-dyg-20260905-012937/artifacts/06_authoring/derivation_records_v1.json",
 "external_research_queue_v1": "/tmp/c2p-nextrepair-8006-dyg-20260905-012937/artifacts/06_authoring/external_research_queue_v1.json",
 "final_text_authorship_ledger_v1": "/tmp/c2p-nextrepair-8006-dyg-20260905-012937/artifacts/07_validation/final_text_authorship_ledger_v1.json",
 "final_text_claims": "/tmp/c2p-nextrepair-8006-dyg-20260905-012937/artifacts/07_validation/agentic_final_text_claims.json",
 "formalization_result_v1": "/tmp/c2p-nextrepair-8006-dyg-20260905-012937/artifacts/06_authoring/formalization_result_v1.json",
 "formalization_section_results_v1": "/tmp/c2p-nextrepair-8006-dyg-20260905-012937/artifacts/06_authoring/formalization_section_results
[replay] reused_fulfilled_callback_ids: []
[replay] writer_resumed_section_ids: []
[replay] structural exit: eligible=False reasons=['required_paragraph_invalid:MA-S1:paragraph:MA-S1:method-unit-1', 'required_target_uncovered:MA-S1:paragraph:MA-S1:method-unit-1:facet', 'required_target_uncovered:MA-S1:paragraph:MA-S1:method-unit-1:formula', 'required_paragraph_invalid:MA-S3:paragraph:MA-S3:method-unit-1', 'required_target_uncovered:MA-S3:paragraph:MA-S3:method-unit-1:facet', 'required_target_uncovered:MA-S3:paragraph:MA-S3:method-unit-1:slot', 'required_paragraph_invalid:MA-S4:paragraph:MA-S4:method-unit-1', 'required_target_uncovered:MA-S4:paragraph:MA-S4:method-unit-1:slot', 'required_paragraph_invalid:MA-S5:paragraph:MA-S5:method-unit-1', 'required_target_uncovered:MA-S5:paragraph:MA-S5:method-unit-1:facet', 'required_target_uncovered:MA-S5:paragraph:MA-S5:method-unit-1:formula', 'rendered_invalid:4', 'required_target_coverage_incomplete', 'required_slot_coverage_incomplete', 'required_formula_unresolved:formula:section:MA-S5:derivation'] targets=20/31 formula=0/0
[replay] callback continuation: fulfilled=0 pending=3 resumed=[] stopped=no_progress
[replay] structural exit: eligible=False reasons=['required_paragraph_invalid:MA-S1:paragraph:MA-S1:method-unit-1', 'required_target_uncovered:MA-S1:paragraph:MA-S1:method-unit-1:facet', 'required_target_uncovered:MA-S1:paragraph:MA-S1:method-unit-1:formula', 'required_paragraph_invalid:MA-S3:paragraph:MA-S3:method-unit-1', 'required_target_uncovered:MA-S3:paragraph:MA-S3:method-unit-1:facet', 'required_target_uncovered:MA-S3:paragraph:MA-S3:method-unit-1:slot', 'required_paragraph_invalid:MA-S4:paragraph:MA-S4:method-unit-1', 'required_target_uncovered:MA-S4:paragraph:MA-S4:method-unit-1:slot', 'required_paragraph_invalid:MA-S5:paragraph:MA-S5:method-unit-1', 'required_target_uncovered:MA-S5:paragraph:MA-S5:method-unit-1:facet', 'required_target_uncovered:MA-S5:paragraph:MA-S5:method-unit-1:formula', 'rendered_invalid:4', 'required_target_coverage_incomplete', 'required_slot_coverage_incomplete', 'required_formula_unresolved:formula:section:MA-S5:derivation'] targets=20/31 formula=0/0
[replay] structural exit: eligible=False reasons=['required_paragraph_invalid:MA-S1:paragraph:MA-S1:method-unit-1', 'required_target_uncovered:MA-S1:paragraph:MA-S1:method-unit-1:facet', 'required_target_uncovered:MA-S1:paragraph:MA-S1:method-unit-1:formula', 'required_paragraph_invalid:MA-S3:paragraph:MA-S3:method-unit-1', 'required_target_uncovered:MA-S3:paragraph:MA-S3:method-unit-1:facet', 'required_target_uncovered:MA-S3:paragraph:MA-S3:method-unit-1:slot', 'required_paragraph_invalid:MA-S4:paragraph:MA-S4:method-unit-1', 'required_target_uncovered:MA-S4:paragraph:MA-S4:method-unit-1:slot', 'required_paragraph_invalid:MA-S5:paragraph:MA-S5:method-unit-1', 'required_target_uncovered:MA-S5:paragraph:MA-S5:method-unit-1:facet', 'required_target_uncovered:MA-S5:paragraph:MA-S5:method-unit-1:formula', 'rendered_invalid:4', 'required_target_coverage_incomplete', 'required_slot_coverage_incomplete', 'required_formula_unresolved:formula:section:MA-S5:derivation'] targets=20/31 formula=0/0
[replay] token usage: total=542567 input=507067 output=35500 calls=56 usage_calls=48 path=/tmp/c2p-nextrepair-8006-dyg-20260905-012937/artifacts/06_authoring/token_usage_summary_v1.json
